Running: af23560.mtx, seq, NA, 1 thread
Running: af23560.mtx, static, 1, 1 threads
Running: af23560.mtx, static, 1, 2 threads
Running: af23560.mtx, static, 1, 4 threads
Running: af23560.mtx, static, 1, 8 threads
Running: af23560.mtx, static, 1, 16 threads
Running: af23560.mtx, static, 1, 32 threads
Running: af23560.mtx, static, 1, 64 threads
Running: af23560.mtx, static, 10, 1 threads
Running: af23560.mtx, static, 10, 2 threads
Running: af23560.mtx, static, 10, 4 threads
Running: af23560.mtx, static, 10, 8 threads
Running: af23560.mtx, static, 10, 16 threads
Running: af23560.mtx, static, 10, 32 threads
Running: af23560.mtx, static, 10, 64 threads
Running: af23560.mtx, static, 100, 1 threads
Running: af23560.mtx, static, 100, 2 threads
Running: af23560.mtx, static, 100, 4 threads
Running: af23560.mtx, static, 100, 8 threads
Running: af23560.mtx, static, 100, 16 threads
Running: af23560.mtx, static, 100, 32 threads
Running: af23560.mtx, static, 100, 64 threads
Running: af23560.mtx, static, 1000, 1 threads
Running: af23560.mtx, static, 1000, 2 threads
Running: af23560.mtx, static, 1000, 4 threads
Running: af23560.mtx, static, 1000, 8 threads
Running: af23560.mtx, static, 1000, 16 threads
Running: af23560.mtx, static, 1000, 32 threads
Running: af23560.mtx, static, 1000, 64 threads
Running: af23560.mtx, dynamic, 1, 1 threads
Running: af23560.mtx, dynamic, 1, 2 threads
Running: af23560.mtx, dynamic, 1, 4 threads
Running: af23560.mtx, dynamic, 1, 8 threads
Running: af23560.mtx, dynamic, 1, 16 threads
Running: af23560.mtx, dynamic, 1, 32 threads
Running: af23560.mtx, dynamic, 1, 64 threads
Running: af23560.mtx, dynamic, 10, 1 threads
Running: af23560.mtx, dynamic, 10, 2 threads
Running: af23560.mtx, dynamic, 10, 4 threads
Running: af23560.mtx, dynamic, 10, 8 threads
Running: af23560.mtx, dynamic, 10, 16 threads
Running: af23560.mtx, dynamic, 10, 32 threads
Running: af23560.mtx, dynamic, 10, 64 threads
Running: af23560.mtx, dynamic, 100, 1 threads
Running: af23560.mtx, dynamic, 100, 2 threads
Running: af23560.mtx, dynamic, 100, 4 threads
Running: af23560.mtx, dynamic, 100, 8 threads
Running: af23560.mtx, dynamic, 100, 16 threads
Running: af23560.mtx, dynamic, 100, 32 threads
Running: af23560.mtx, dynamic, 100, 64 threads
Running: af23560.mtx, dynamic, 1000, 1 threads
Running: af23560.mtx, dynamic, 1000, 2 threads
Running: af23560.mtx, dynamic, 1000, 4 threads
Running: af23560.mtx, dynamic, 1000, 8 threads
Running: af23560.mtx, dynamic, 1000, 16 threads
Running: af23560.mtx, dynamic, 1000, 32 threads
Running: af23560.mtx, dynamic, 1000, 64 threads
Running: af23560.mtx, guided, 1, 1 threads
Running: af23560.mtx, guided, 1, 2 threads
Running: af23560.mtx, guided, 1, 4 threads
Running: af23560.mtx, guided, 1, 8 threads
Running: af23560.mtx, guided, 1, 16 threads
Running: af23560.mtx, guided, 1, 32 threads
Running: af23560.mtx, guided, 1, 64 threads
Running: af23560.mtx, guided, 10, 1 threads
Running: af23560.mtx, guided, 10, 2 threads
Running: af23560.mtx, guided, 10, 4 threads
Running: af23560.mtx, guided, 10, 8 threads
Running: af23560.mtx, guided, 10, 16 threads
Running: af23560.mtx, guided, 10, 32 threads
Running: af23560.mtx, guided, 10, 64 threads
Running: af23560.mtx, guided, 100, 1 threads
Running: af23560.mtx, guided, 100, 2 threads
Running: af23560.mtx, guided, 100, 4 threads
Running: af23560.mtx, guided, 100, 8 threads
Running: af23560.mtx, guided, 100, 16 threads
Running: af23560.mtx, guided, 100, 32 threads
Running: af23560.mtx, guided, 100, 64 threads
Running: af23560.mtx, guided, 1000, 1 threads
Running: af23560.mtx, guided, 1000, 2 threads
Running: af23560.mtx, guided, 1000, 4 threads
Running: af23560.mtx, guided, 1000, 8 threads
Running: af23560.mtx, guided, 1000, 16 threads
Running: af23560.mtx, guided, 1000, 32 threads
Running: af23560.mtx, guided, 1000, 64 threads
Running: twotone.mtx, seq, NA, 1 thread
Running: twotone.mtx, static, 1, 1 threads
Running: twotone.mtx, static, 1, 2 threads
Running: twotone.mtx, static, 1, 4 threads
Running: twotone.mtx, static, 1, 8 threads
Running: twotone.mtx, static, 1, 16 threads
Running: twotone.mtx, static, 1, 32 threads
Running: twotone.mtx, static, 1, 64 threads
Running: twotone.mtx, static, 10, 1 threads
Running: twotone.mtx, static, 10, 2 threads
Running: twotone.mtx, static, 10, 4 threads
Running: twotone.mtx, static, 10, 8 threads
Running: twotone.mtx, static, 10, 16 threads
Running: twotone.mtx, static, 10, 32 threads
Running: twotone.mtx, static, 10, 64 threads
Running: twotone.mtx, static, 100, 1 threads
Running: twotone.mtx, static, 100, 2 threads
Running: twotone.mtx, static, 100, 4 threads
Running: twotone.mtx, static, 100, 8 threads
Running: twotone.mtx, static, 100, 16 threads
Running: twotone.mtx, static, 100, 32 threads
Running: twotone.mtx, static, 100, 64 threads
Running: twotone.mtx, static, 1000, 1 threads
Running: twotone.mtx, static, 1000, 2 threads
Running: twotone.mtx, static, 1000, 4 threads
Running: twotone.mtx, static, 1000, 8 threads
Running: twotone.mtx, static, 1000, 16 threads
Running: twotone.mtx, static, 1000, 32 threads
Running: twotone.mtx, static, 1000, 64 threads
Running: twotone.mtx, dynamic, 1, 1 threads
Running: twotone.mtx, dynamic, 1, 2 threads
Running: twotone.mtx, dynamic, 1, 4 threads
Running: twotone.mtx, dynamic, 1, 8 threads
Running: twotone.mtx, dynamic, 1, 16 threads
Running: twotone.mtx, dynamic, 1, 32 threads
Running: twotone.mtx, dynamic, 1, 64 threads
Running: twotone.mtx, dynamic, 10, 1 threads
Running: twotone.mtx, dynamic, 10, 2 threads
Running: twotone.mtx, dynamic, 10, 4 threads
Running: twotone.mtx, dynamic, 10, 8 threads
Running: twotone.mtx, dynamic, 10, 16 threads
Running: twotone.mtx, dynamic, 10, 32 threads
Running: twotone.mtx, dynamic, 10, 64 threads
Running: twotone.mtx, dynamic, 100, 1 threads
Running: twotone.mtx, dynamic, 100, 2 threads
Running: twotone.mtx, dynamic, 100, 4 threads
Running: twotone.mtx, dynamic, 100, 8 threads
Running: twotone.mtx, dynamic, 100, 16 threads
Running: twotone.mtx, dynamic, 100, 32 threads
Running: twotone.mtx, dynamic, 100, 64 threads
Running: twotone.mtx, dynamic, 1000, 1 threads
Running: twotone.mtx, dynamic, 1000, 2 threads
Running: twotone.mtx, dynamic, 1000, 4 threads
Running: twotone.mtx, dynamic, 1000, 8 threads
Running: twotone.mtx, dynamic, 1000, 16 threads
Running: twotone.mtx, dynamic, 1000, 32 threads
Running: twotone.mtx, dynamic, 1000, 64 threads
Running: twotone.mtx, guided, 1, 1 threads
Running: twotone.mtx, guided, 1, 2 threads
Running: twotone.mtx, guided, 1, 4 threads
Running: twotone.mtx, guided, 1, 8 threads
Running: twotone.mtx, guided, 1, 16 threads
Running: twotone.mtx, guided, 1, 32 threads
Running: twotone.mtx, guided, 1, 64 threads
Running: twotone.mtx, guided, 10, 1 threads
Running: twotone.mtx, guided, 10, 2 threads
Running: twotone.mtx, guided, 10, 4 threads
Running: twotone.mtx, guided, 10, 8 threads
Running: twotone.mtx, guided, 10, 16 threads
Running: twotone.mtx, guided, 10, 32 threads
Running: twotone.mtx, guided, 10, 64 threads
Running: twotone.mtx, guided, 100, 1 threads
Running: twotone.mtx, guided, 100, 2 threads
Running: twotone.mtx, guided, 100, 4 threads
Running: twotone.mtx, guided, 100, 8 threads
Running: twotone.mtx, guided, 100, 16 threads
Running: twotone.mtx, guided, 100, 32 threads
Running: twotone.mtx, guided, 100, 64 threads
Running: twotone.mtx, guided, 1000, 1 threads
Running: twotone.mtx, guided, 1000, 2 threads
Running: twotone.mtx, guided, 1000, 4 threads
Running: twotone.mtx, guided, 1000, 8 threads
Running: twotone.mtx, guided, 1000, 16 threads
Running: twotone.mtx, guided, 1000, 32 threads
Running: twotone.mtx, guided, 1000, 64 threads
Running: tmt_unsym.mtx, seq, NA, 1 thread
Running: tmt_unsym.mtx, static, 1, 1 threads
Running: tmt_unsym.mtx, static, 1, 2 threads
Running: tmt_unsym.mtx, static, 1, 4 threads
Running: tmt_unsym.mtx, static, 1, 8 threads
Running: tmt_unsym.mtx, static, 1, 16 threads
Running: tmt_unsym.mtx, static, 1, 32 threads
Running: tmt_unsym.mtx, static, 1, 64 threads
Running: tmt_unsym.mtx, static, 10, 1 threads
Running: tmt_unsym.mtx, static, 10, 2 threads
Running: tmt_unsym.mtx, static, 10, 4 threads
Running: tmt_unsym.mtx, static, 10, 8 threads
Running: tmt_unsym.mtx, static, 10, 16 threads
Running: tmt_unsym.mtx, static, 10, 32 threads
Running: tmt_unsym.mtx, static, 10, 64 threads
Running: tmt_unsym.mtx, static, 100, 1 threads
Running: tmt_unsym.mtx, static, 100, 2 threads
Running: tmt_unsym.mtx, static, 100, 4 threads
Running: tmt_unsym.mtx, static, 100, 8 threads
Running: tmt_unsym.mtx, static, 100, 16 threads
Running: tmt_unsym.mtx, static, 100, 32 threads
Running: tmt_unsym.mtx, static, 100, 64 threads
Running: tmt_unsym.mtx, static, 1000, 1 threads
Running: tmt_unsym.mtx, static, 1000, 2 threads
Running: tmt_unsym.mtx, static, 1000, 4 threads
Running: tmt_unsym.mtx, static, 1000, 8 threads
Running: tmt_unsym.mtx, static, 1000, 16 threads
Running: tmt_unsym.mtx, static, 1000, 32 threads
Running: tmt_unsym.mtx, static, 1000, 64 threads
Running: tmt_unsym.mtx, dynamic, 1, 1 threads
Running: tmt_unsym.mtx, dynamic, 1, 2 threads
Running: tmt_unsym.mtx, dynamic, 1, 4 threads
Running: tmt_unsym.mtx, dynamic, 1, 8 threads
Running: tmt_unsym.mtx, dynamic, 1, 16 threads
Running: tmt_unsym.mtx, dynamic, 1, 32 threads
Running: tmt_unsym.mtx, dynamic, 1, 64 threads
Running: tmt_unsym.mtx, dynamic, 10, 1 threads
Running: tmt_unsym.mtx, dynamic, 10, 2 threads
Running: tmt_unsym.mtx, dynamic, 10, 4 threads
Running: tmt_unsym.mtx, dynamic, 10, 8 threads
Running: tmt_unsym.mtx, dynamic, 10, 16 threads
Running: tmt_unsym.mtx, dynamic, 10, 32 threads
Running: tmt_unsym.mtx, dynamic, 10, 64 threads
Running: tmt_unsym.mtx, dynamic, 100, 1 threads
Running: tmt_unsym.mtx, dynamic, 100, 2 threads
Running: tmt_unsym.mtx, dynamic, 100, 4 threads
Running: tmt_unsym.mtx, dynamic, 100, 8 threads
Running: tmt_unsym.mtx, dynamic, 100, 16 threads
Running: tmt_unsym.mtx, dynamic, 100, 32 threads
Running: tmt_unsym.mtx, dynamic, 100, 64 threads
Running: tmt_unsym.mtx, dynamic, 1000, 1 threads
Running: tmt_unsym.mtx, dynamic, 1000, 2 threads
Running: tmt_unsym.mtx, dynamic, 1000, 4 threads
Running: tmt_unsym.mtx, dynamic, 1000, 8 threads
Running: tmt_unsym.mtx, dynamic, 1000, 16 threads
Running: tmt_unsym.mtx, dynamic, 1000, 32 threads
Running: tmt_unsym.mtx, dynamic, 1000, 64 threads
Running: tmt_unsym.mtx, guided, 1, 1 threads
Running: tmt_unsym.mtx, guided, 1, 2 threads
Running: tmt_unsym.mtx, guided, 1, 4 threads
Running: tmt_unsym.mtx, guided, 1, 8 threads
Running: tmt_unsym.mtx, guided, 1, 16 threads
Running: tmt_unsym.mtx, guided, 1, 32 threads
Running: tmt_unsym.mtx, guided, 1, 64 threads
Running: tmt_unsym.mtx, guided, 10, 1 threads
Running: tmt_unsym.mtx, guided, 10, 2 threads
Running: tmt_unsym.mtx, guided, 10, 4 threads
Running: tmt_unsym.mtx, guided, 10, 8 threads
Running: tmt_unsym.mtx, guided, 10, 16 threads
Running: tmt_unsym.mtx, guided, 10, 32 threads
Running: tmt_unsym.mtx, guided, 10, 64 threads
Running: tmt_unsym.mtx, guided, 100, 1 threads
Running: tmt_unsym.mtx, guided, 100, 2 threads
Running: tmt_unsym.mtx, guided, 100, 4 threads
Running: tmt_unsym.mtx, guided, 100, 8 threads
Running: tmt_unsym.mtx, guided, 100, 16 threads
Running: tmt_unsym.mtx, guided, 100, 32 threads
Running: tmt_unsym.mtx, guided, 100, 64 threads
Running: tmt_unsym.mtx, guided, 1000, 1 threads
Running: tmt_unsym.mtx, guided, 1000, 2 threads
Running: tmt_unsym.mtx, guided, 1000, 4 threads
Running: tmt_unsym.mtx, guided, 1000, 8 threads
Running: tmt_unsym.mtx, guided, 1000, 16 threads
Running: tmt_unsym.mtx, guided, 1000, 32 threads
Running: tmt_unsym.mtx, guided, 1000, 64 threads
Running: atmosmodl.mtx, seq, NA, 1 thread
Running: atmosmodl.mtx, static, 1, 1 threads
Running: atmosmodl.mtx, static, 1, 2 threads
Running: atmosmodl.mtx, static, 1, 4 threads
Running: atmosmodl.mtx, static, 1, 8 threads
Running: atmosmodl.mtx, static, 1, 16 threads
Running: atmosmodl.mtx, static, 1, 32 threads
Running: atmosmodl.mtx, static, 1, 64 threads
Running: atmosmodl.mtx, static, 10, 1 threads
Running: atmosmodl.mtx, static, 10, 2 threads
Running: atmosmodl.mtx, static, 10, 4 threads
Running: atmosmodl.mtx, static, 10, 8 threads
Running: atmosmodl.mtx, static, 10, 16 threads
Running: atmosmodl.mtx, static, 10, 32 threads
Running: atmosmodl.mtx, static, 10, 64 threads
Running: atmosmodl.mtx, static, 100, 1 threads
Running: atmosmodl.mtx, static, 100, 2 threads
Running: atmosmodl.mtx, static, 100, 4 threads
Running: atmosmodl.mtx, static, 100, 8 threads
Running: atmosmodl.mtx, static, 100, 16 threads
Running: atmosmodl.mtx, static, 100, 32 threads
Running: atmosmodl.mtx, static, 100, 64 threads
Running: atmosmodl.mtx, static, 1000, 1 threads
Running: atmosmodl.mtx, static, 1000, 2 threads
Running: atmosmodl.mtx, static, 1000, 4 threads
Running: atmosmodl.mtx, static, 1000, 8 threads
Running: atmosmodl.mtx, static, 1000, 16 threads
Running: atmosmodl.mtx, static, 1000, 32 threads
Running: atmosmodl.mtx, static, 1000, 64 threads
Running: atmosmodl.mtx, dynamic, 1, 1 threads
Running: atmosmodl.mtx, dynamic, 1, 2 threads
Running: atmosmodl.mtx, dynamic, 1, 4 threads
Running: atmosmodl.mtx, dynamic, 1, 8 threads
Running: atmosmodl.mtx, dynamic, 1, 16 threads
Running: atmosmodl.mtx, dynamic, 1, 32 threads
Running: atmosmodl.mtx, dynamic, 1, 64 threads
Running: atmosmodl.mtx, dynamic, 10, 1 threads
Running: atmosmodl.mtx, dynamic, 10, 2 threads
Running: atmosmodl.mtx, dynamic, 10, 4 threads
Running: atmosmodl.mtx, dynamic, 10, 8 threads
Running: atmosmodl.mtx, dynamic, 10, 16 threads
Running: atmosmodl.mtx, dynamic, 10, 32 threads
Running: atmosmodl.mtx, dynamic, 10, 64 threads
Running: atmosmodl.mtx, dynamic, 100, 1 threads
Running: atmosmodl.mtx, dynamic, 100, 2 threads
Running: atmosmodl.mtx, dynamic, 100, 4 threads
Running: atmosmodl.mtx, dynamic, 100, 8 threads
Running: atmosmodl.mtx, dynamic, 100, 16 threads
Running: atmosmodl.mtx, dynamic, 100, 32 threads
Running: atmosmodl.mtx, dynamic, 100, 64 threads
Running: atmosmodl.mtx, dynamic, 1000, 1 threads
Running: atmosmodl.mtx, dynamic, 1000, 2 threads
Running: atmosmodl.mtx, dynamic, 1000, 4 threads
Running: atmosmodl.mtx, dynamic, 1000, 8 threads
Running: atmosmodl.mtx, dynamic, 1000, 16 threads
Running: atmosmodl.mtx, dynamic, 1000, 32 threads
Running: atmosmodl.mtx, dynamic, 1000, 64 threads
Running: atmosmodl.mtx, guided, 1, 1 threads
Running: atmosmodl.mtx, guided, 1, 2 threads
Running: atmosmodl.mtx, guided, 1, 4 threads
Running: atmosmodl.mtx, guided, 1, 8 threads
Running: atmosmodl.mtx, guided, 1, 16 threads
Running: atmosmodl.mtx, guided, 1, 32 threads
Running: atmosmodl.mtx, guided, 1, 64 threads
Running: atmosmodl.mtx, guided, 10, 1 threads
Running: atmosmodl.mtx, guided, 10, 2 threads
Running: atmosmodl.mtx, guided, 10, 4 threads
Running: atmosmodl.mtx, guided, 10, 8 threads
Running: atmosmodl.mtx, guided, 10, 16 threads
Running: atmosmodl.mtx, guided, 10, 32 threads
Running: atmosmodl.mtx, guided, 10, 64 threads
Running: atmosmodl.mtx, guided, 100, 1 threads
Running: atmosmodl.mtx, guided, 100, 2 threads
Running: atmosmodl.mtx, guided, 100, 4 threads
Running: atmosmodl.mtx, guided, 100, 8 threads
Running: atmosmodl.mtx, guided, 100, 16 threads
Running: atmosmodl.mtx, guided, 100, 32 threads
Running: atmosmodl.mtx, guided, 100, 64 threads
Running: atmosmodl.mtx, guided, 1000, 1 threads
Running: atmosmodl.mtx, guided, 1000, 2 threads
Running: atmosmodl.mtx, guided, 1000, 4 threads
Running: atmosmodl.mtx, guided, 1000, 8 threads
Running: atmosmodl.mtx, guided, 1000, 16 threads
Running: atmosmodl.mtx, guided, 1000, 32 threads
Running: atmosmodl.mtx, guided, 1000, 64 threads
Running: Freescale1.mtx, seq, NA, 1 thread
Running: Freescale1.mtx, static, 1, 1 threads
Running: Freescale1.mtx, static, 1, 2 threads
Running: Freescale1.mtx, static, 1, 4 threads
Running: Freescale1.mtx, static, 1, 8 threads
Running: Freescale1.mtx, static, 1, 16 threads
Running: Freescale1.mtx, static, 1, 32 threads
Running: Freescale1.mtx, static, 1, 64 threads
Running: Freescale1.mtx, static, 10, 1 threads
Running: Freescale1.mtx, static, 10, 2 threads
Running: Freescale1.mtx, static, 10, 4 threads
Running: Freescale1.mtx, static, 10, 8 threads
Running: Freescale1.mtx, static, 10, 16 threads
Running: Freescale1.mtx, static, 10, 32 threads
Running: Freescale1.mtx, static, 10, 64 threads
Running: Freescale1.mtx, static, 100, 1 threads
Running: Freescale1.mtx, static, 100, 2 threads
Running: Freescale1.mtx, static, 100, 4 threads
Running: Freescale1.mtx, static, 100, 8 threads
Running: Freescale1.mtx, static, 100, 16 threads
Running: Freescale1.mtx, static, 100, 32 threads
Running: Freescale1.mtx, static, 100, 64 threads
Running: Freescale1.mtx, static, 1000, 1 threads
Running: Freescale1.mtx, static, 1000, 2 threads
Running: Freescale1.mtx, static, 1000, 4 threads
Running: Freescale1.mtx, static, 1000, 8 threads
Running: Freescale1.mtx, static, 1000, 16 threads
Running: Freescale1.mtx, static, 1000, 32 threads
Running: Freescale1.mtx, static, 1000, 64 threads
Running: Freescale1.mtx, dynamic, 1, 1 threads
Running: Freescale1.mtx, dynamic, 1, 2 threads
Running: Freescale1.mtx, dynamic, 1, 4 threads
Running: Freescale1.mtx, dynamic, 1, 8 threads
Running: Freescale1.mtx, dynamic, 1, 16 threads
Running: Freescale1.mtx, dynamic, 1, 32 threads
Running: Freescale1.mtx, dynamic, 1, 64 threads
Running: Freescale1.mtx, dynamic, 10, 1 threads
Running: Freescale1.mtx, dynamic, 10, 2 threads
Running: Freescale1.mtx, dynamic, 10, 4 threads
Running: Freescale1.mtx, dynamic, 10, 8 threads
Running: Freescale1.mtx, dynamic, 10, 16 threads
Running: Freescale1.mtx, dynamic, 10, 32 threads
Running: Freescale1.mtx, dynamic, 10, 64 threads
Running: Freescale1.mtx, dynamic, 100, 1 threads
Running: Freescale1.mtx, dynamic, 100, 2 threads
Running: Freescale1.mtx, dynamic, 100, 4 threads
Running: Freescale1.mtx, dynamic, 100, 8 threads
Running: Freescale1.mtx, dynamic, 100, 16 threads
Running: Freescale1.mtx, dynamic, 100, 32 threads
Running: Freescale1.mtx, dynamic, 100, 64 threads
Running: Freescale1.mtx, dynamic, 1000, 1 threads
Running: Freescale1.mtx, dynamic, 1000, 2 threads
Running: Freescale1.mtx, dynamic, 1000, 4 threads
Running: Freescale1.mtx, dynamic, 1000, 8 threads
Running: Freescale1.mtx, dynamic, 1000, 16 threads
Running: Freescale1.mtx, dynamic, 1000, 32 threads
Running: Freescale1.mtx, dynamic, 1000, 64 threads
Running: Freescale1.mtx, guided, 1, 1 threads
Running: Freescale1.mtx, guided, 1, 2 threads
Running: Freescale1.mtx, guided, 1, 4 threads
Running: Freescale1.mtx, guided, 1, 8 threads
Running: Freescale1.mtx, guided, 1, 16 threads
Running: Freescale1.mtx, guided, 1, 32 threads
Running: Freescale1.mtx, guided, 1, 64 threads
Running: Freescale1.mtx, guided, 10, 1 threads
Running: Freescale1.mtx, guided, 10, 2 threads
Running: Freescale1.mtx, guided, 10, 4 threads
Running: Freescale1.mtx, guided, 10, 8 threads
Running: Freescale1.mtx, guided, 10, 16 threads
Running: Freescale1.mtx, guided, 10, 32 threads
Running: Freescale1.mtx, guided, 10, 64 threads
Running: Freescale1.mtx, guided, 100, 1 threads
Running: Freescale1.mtx, guided, 100, 2 threads
Running: Freescale1.mtx, guided, 100, 4 threads
Running: Freescale1.mtx, guided, 100, 8 threads
Running: Freescale1.mtx, guided, 100, 16 threads
Running: Freescale1.mtx, guided, 100, 32 threads
Running: Freescale1.mtx, guided, 100, 64 threads
Running: Freescale1.mtx, guided, 1000, 1 threads
Running: Freescale1.mtx, guided, 1000, 2 threads
Running: Freescale1.mtx, guided, 1000, 4 threads
Running: Freescale1.mtx, guided, 1000, 8 threads
Running: Freescale1.mtx, guided, 1000, 16 threads
Running: Freescale1.mtx, guided, 1000, 32 threads
Running: Freescale1.mtx, guided, 1000, 64 threads
Data saved in results/time_results.csv
